\BOOKMARK [1][-]{section.1}{\376\377\137\025\212\000}{}% 1
\BOOKMARK [2][-]{subsection.1.1}{\376\377\170\024\172\166\200\314\146\157}{section.1}% 2
\BOOKMARK [2][-]{subsection.1.2}{\376\377\166\370\121\163\135\345\117\134}{section.1}% 3
\BOOKMARK [2][-]{subsection.1.3}{\376\377\147\054\145\207\215\041\163\056}{section.1}% 4
\BOOKMARK [1][-]{section.2}{\376\377\174\373\176\337\147\266\147\204}{}% 5
\BOOKMARK [2][-]{subsection.2.1}{\376\377\145\164\117\123\155\101\154\064\176\277}{section.2}% 6
\BOOKMARK [2][-]{subsection.2.2}{\376\377\000G\000e\000n\000e\000r\000a\000t\000o\000r\000\040\202\202\160\271}{section.2}% 7
\BOOKMARK [2][-]{subsection.2.3}{\376\377\000V\000a\000l\000i\000d\000a\000t\000o\000r\000\040\202\202\160\271}{section.2}% 8
\BOOKMARK [2][-]{subsection.2.4}{\376\377\000R\000e\000f\000l\000e\000c\000t\000o\000r\000\040\202\202\160\271}{section.2}% 9
\BOOKMARK [1][-]{section.3}{\376\377\150\070\137\303\173\227\154\325}{}% 10
\BOOKMARK [2][-]{subsection.3.1}{\376\377\000K\000a\000h\000n\000\040\163\257\215\357\150\300\155\113}{section.3}% 11
\BOOKMARK [2][-]{subsection.3.2}{\376\377\000B\000a\000y\000e\000s\000i\000a\000n\000\040\000B\000a\000l\000l\000\040\000d\000-\122\006\171\273\173\227\154\325}{section.3}% 12
\BOOKMARK [3][-]{subsubsection.3.2.1}{\376\377\145\271\124\021\162\266\140\001}{subsection.3.2}% 13
\BOOKMARK [3][-]{subsubsection.3.2.2}{\376\377\126\333\147\141\162\266\140\001\217\154\171\373\211\304\122\031}{subsection.3.2}% 14
\BOOKMARK [3][-]{subsubsection.3.2.3}{\376\377\121\155\171\315\122\044\133\232\140\305\121\265}{subsection.3.2}% 15
\BOOKMARK [2][-]{subsection.3.3}{\376\377\000F\000M\000E\000A\000\040\230\316\226\151\213\304\122\006}{section.3}% 16
\BOOKMARK [1][-]{section.4}{\376\377\201\352\123\315\140\035\176\240\225\031\225\355\163\257}{}% 17
\BOOKMARK [2][-]{subsection.4.1}{\376\377\225\355\163\257\155\101\172\013}{section.4}% 18
\BOOKMARK [2][-]{subsection.4.2}{\376\377\161\224\145\255\147\072\122\066}{section.4}% 19
\BOOKMARK [2][-]{subsection.4.3}{\376\377\133\232\124\021\117\356\131\015}{section.4}% 20
\BOOKMARK [1][-]{section.5}{\376\377\133\236\232\214\116\016\122\006\147\220}{}% 21
\BOOKMARK [2][-]{subsection.5.1}{\376\377\133\236\232\214\221\115\177\156}{section.5}% 22
\BOOKMARK [2][-]{subsection.5.2}{\376\377\155\210\207\215\133\236\232\214}{section.5}% 23
\BOOKMARK [2][-]{subsection.5.3}{\376\377\150\110\117\213\122\006\147\220}{section.5}% 24
\BOOKMARK [1][-]{section.6}{\376\377\176\323\213\272}{}% 25
\BOOKMARK [1][-]{appendix.A}{\376\377\226\104\137\125\000\040\000A\377\032\000R\000u\000s\000t\000\040\150\070\137\303\116\343\170\001}{}% 26
\BOOKMARK [2][-]{subsection.A.1}{\376\377\000d\000a\000g\000.\000r\000s\000\040\040\024\000\040\175\047\121\321\220\273\143\245\210\150}{appendix.A}% 27
\BOOKMARK [2][-]{subsection.A.2}{\376\377\000a\000l\000g\000o\000r\000i\000t\000h\000m\000s\000.\000r\000s\000\040\040\024\000\040\000K\000a\000h\000n\000\040\163\257\215\357\150\300\155\113\377\010\121\163\225\056\162\107\153\265\377\011}{appendix.A}% 28
\BOOKMARK [2][-]{subsection.A.3}{\376\377\000a\000l\000g\000o\000r\000i\000t\000h\000m\000s\000.\000r\000s\000\040\040\024\000\040\000B\000a\000y\000e\000s\000i\000a\000n\000\040\000B\000a\000l\000l\000\040\000d\000-\122\006\171\273\377\010\121\163\225\056\162\107\153\265\377\011}{appendix.A}% 29
\BOOKMARK [2][-]{subsection.A.4}{\376\377\000f\000m\000e\000a\000\137\000e\000v\000a\000l\000u\000a\000t\000o\000r\000.\000r\000s\000\040\040\024\000\040\000F\000M\000E\000A\000\040\000R\000P\000N\000\040\213\304\122\006}{appendix.A}% 30
\BOOKMARK [1][-]{appendix.B}{\376\377\226\104\137\125\000\040\000B\377\032\000P\000y\000t\000h\000o\000n\000\040\173\241\176\277\116\343\170\001}{}% 31
\BOOKMARK [2][-]{subsection.B.1}{\376\377\000a\000g\000e\000n\000t\000\137\000s\000t\000a\000t\000e\000\137\000m\000a\000c\000h\000i\000n\000e\000.\000p\000y\000\040\040\024\000\040\145\160\143\156\152\041\127\213}{appendix.B}% 32
\BOOKMARK [2][-]{subsection.B.2}{\376\377\000n\000o\000d\000e\000s\000.\000p\000y\000\040\040\024\000\040\000V\000a\000l\000i\000d\000a\000t\000o\000r\000\040\202\202\160\271\377\010\121\163\225\056\162\107\153\265\377\011}{appendix.B}% 33
\BOOKMARK [2][-]{subsection.B.3}{\376\377\000a\000p\000p\000.\000p\000y\000\040\040\024\000\040\000L\000a\000n\000g\000G\000r\000a\000p\000h\000\040\162\266\140\001\147\072\176\304\210\305\377\010\121\163\225\056\162\107\153\265\377\011}{appendix.B}% 34
